{
  "version": "1.5.0",
  "plugins_used": [
    {
      "name": "ArtifactoryDetector"
    },
    {
      "name": "AWSKeyDetector"
    },
    {
      "name": "AzureStorageKeyDetector"
    },
    {
      "name": "Base64HighEntropyString",
      "limit": 4.5
    },
    {
      "name": "BasicAuthDetector"
    },
    {
      "name": "CloudantDetector"
    },
    {
      "name": "DiscordBotTokenDetector"
    },
    {
      "name": "GitHubTokenDetector"
    },
    {
      "name": "GitLabTokenDetector"
    },
    {
      "name": "HexHighEntropyString",
      "limit": 3
    },
    {
      "name": "IbmCloudIamDetector"
    },
    {
      "name": "IbmCosHmacDetector"
    },
    {
      "name": "IPPublicDetector"
    },
    {
      "name": "JwtTokenDetector"
    },
    {
      "name": "KeywordDetector",
      "keyword_exclude": ""
    },
    {
      "name": "MailchimpDetector"
    },
    {
      "name": "NpmDetector"
    },
    {
      "name": "OpenAIDetector"
    },
    {
      "name": "PrivateKeyDetector"
    },
    {
      "name": "PypiTokenDetector"
    },
    {
      "name": "SendGridDetector"
    },
    {
      "name": "SlackDetector"
    },
    {
      "name": "SoftlayerDetector"
    },
    {
      "name": "SquareOAuthDetector"
    },
    {
      "name": "StripeDetector"
    },
    {
      "name": "TelegramBotTokenDetector"
    },
    {
      "name": "TwilioKeyDetector"
    }
  ],
  "filters_used": [
    {
      "path": "detect_secrets.filters.allowlist.is_line_allowlisted"
    },
    {
      "path": "detect_secrets.filters.common.is_baseline_file",
      "filename": ".secrets.baseline"
    },
    {
      "path": "detect_secrets.filters.common.is_ignored_due_to_verification_policies",
      "min_level": 2
    },
    {
      "path": "detect_secrets.filters.heuristic.is_indirect_reference"
    },
    {
      "path": "detect_secrets.filters.heuristic.is_likely_id_string"
    },
    {
      "path": "detect_secrets.filters.heuristic.is_lock_file"
    },
    {
      "path": "detect_secrets.filters.heuristic.is_not_alphanumeric_string"
    },
    {
      "path": "detect_secrets.filters.heuristic.is_potential_uuid"
    },
    {
      "path": "detect_secrets.filters.heuristic.is_prefixed_with_dollar_sign"
    },
    {
      "path": "detect_secrets.filters.heuristic.is_sequential_string"
    },
    {
      "path": "detect_secrets.filters.heuristic.is_swagger_file"
    },
    {
      "path": "detect_secrets.filters.heuristic.is_templated_secret"
    },
    {
      "path": "detect_secrets.filters.regex.should_exclude_file",
      "pattern": [
        "^artifacts/",
        "^\\.git/"
      ]
    }
  ],
  "results": {
    "docs/evidence/portfolio-demo-evidence.json": [
      {
        "type": "Hex High Entropy String",
        "filename": "docs/evidence/portfolio-demo-evidence.json",
        "hashed_secret": "91efe47b0ad364bbb2c980563b7f666e36d3bec3",
        "is_verified": false,
        "line_number": 4,
        "is_secret": false
      },
      {
        "type": "Hex High Entropy String",
        "filename": "docs/evidence/portfolio-demo-evidence.json",
        "hashed_secret": "01eb8fd12c0e0142170b663e8eeb9089a0e38c99",
        "is_verified": false,
        "line_number": 24,
        "is_secret": false
      },
      {
        "type": "Hex High Entropy String",
        "filename": "docs/evidence/portfolio-demo-evidence.json",
        "hashed_secret": "0d32d87cd8bfcecf44eb8933383ba1c44bf848e1",
        "is_verified": false,
        "line_number": 43,
        "is_secret": false
      },
      {
        "type": "Hex High Entropy String",
        "filename": "docs/evidence/portfolio-demo-evidence.json",
        "hashed_secret": "f93e47f1256dfbb5b37a18f807b2151e57b64393",
        "is_verified": false,
        "line_number": 59,
        "is_secret": false
      },
      {
        "type": "Hex High Entropy String",
        "filename": "docs/evidence/portfolio-demo-evidence.json",
        "hashed_secret": "5793185f31a37d229a5a0664179fd0c1c6a14c93",
        "is_verified": false,
        "line_number": 79,
        "is_secret": false
      }
    ],
    "tests/security/test_p11d_serving_security.py": [
      {
        "type": "Private Key",
        "filename": "tests/security/test_p11d_serving_security.py",
        "hashed_secret": "1348b145fa1a555461c1b790a2f66614781091e9",
        "is_verified": false,
        "line_number": 94,
        "is_secret": false
      },
      {
        "type": "Private Key",
        "filename": "tests/security/test_p11d_serving_security.py",
        "hashed_secret": "be4fc4886bd949b369d5e092eb87494f12e57e5b",
        "is_verified": false,
        "line_number": 95,
        "is_secret": false
      },
      {
        "type": "Private Key",
        "filename": "tests/security/test_p11d_serving_security.py",
        "hashed_secret": "f0778f3e140a61d5bbbed5430773e52af2f5fba4",
        "is_verified": false,
        "line_number": 96,
        "is_secret": false
      }
    ],
    "tests/security/test_p11e_supply_chain_security.py": [
      {
        "type": "Private Key",
        "filename": "tests/security/test_p11e_supply_chain_security.py",
        "hashed_secret": "1348b145fa1a555461c1b790a2f66614781091e9",
        "is_verified": false,
        "line_number": 98,
        "is_secret": false
      },
      {
        "type": "Private Key",
        "filename": "tests/security/test_p11e_supply_chain_security.py",
        "hashed_secret": "be4fc4886bd949b369d5e092eb87494f12e57e5b",
        "is_verified": false,
        "line_number": 98,
        "is_secret": false
      },
      {
        "type": "Private Key",
        "filename": "tests/security/test_p11e_supply_chain_security.py",
        "hashed_secret": "f0778f3e140a61d5bbbed5430773e52af2f5fba4",
        "is_verified": false,
        "line_number": 98,
        "is_secret": false
      }
    ],
    "tests/security/test_p11f_detection_engineering.py": [
      {
        "type": "Private Key",
        "filename": "tests/security/test_p11f_detection_engineering.py",
        "hashed_secret": "1348b145fa1a555461c1b790a2f66614781091e9",
        "is_verified": false,
        "line_number": 154,
        "is_secret": false
      }
    ],
    "tests/unit/test_url_policy.py": [
      {
        "type": "Basic Auth Credentials",
        "filename": "tests/unit/test_url_policy.py",
        "hashed_secret": "9d4e1e23bd5b727046a9e3b4b7db57bd8d6ee684",
        "is_verified": false,
        "line_number": 36,
        "is_secret": false
      }
    ]
  },
  "generated_at": "2026-08-23T18:02:03Z"
}
